Microchip MPLAB XC8 Compiler V2.40

Linker command line:

-W-3 \
  --edf=C:/Users/profb/.mchp_packs/Microchip/PIC18Fxxxx_DFP/1.4.151/xc8\pic\dat\20230323171731_en.msgs \
  -cn -h+dist/default/production\SERIAL_mod_analog_superv.X.production.sym \
  --cmf=dist/default/production\SERIAL_mod_analog_superv.X.production.cmf \
  -z -Q18F4520 -oC:\Users\profb\AppData\Local\Temp\xcAs65s.4 \
  --defsym=__MPLAB_BUILD=1 --fixupoverflow=error \
  -Mdist/default/production/SERIAL_mod_analog_superv.X.production.map \
  --md=C:\Users\profb\AppData\Local\Temp\xcAs65s.dat -E1 -ver=XC8 Compiler \
  --acfsm=1493 -ACODE=00h-07FFFh -ACONST=00h-07FFFh \
  -ASMALLCONST=0600h-06FFhx122 -AMEDIUMCONST=0600h-07FFFh -ACOMRAM=01h-07Fh \
  -AABS1=00h-05FFh -ABIGRAM=01h-05FFh -ARAM=080h-0FFh,0100h-01FFhx5 \
  -ABANK0=080h-0FFh -ABANK1=0100h-01FFh -ABANK2=0200h-02FFh \
  -ABANK3=0300h-03FFh -ABANK4=0400h-04FFh -ABANK5=0500h-05FFh \
  -ASFR=0F80h-0FFFh -ABIGSFR=0F80h-0FFFh -ACONFIG=0300000h-030000Dh \
  -AIDLOC=0200000h-0200007h -AEEDATA=0F00000h-0F000FFh -peeprom_data=EEDATA \
  -preset_vec=00h,intcode=08h,intcodelo,powerup,init -pramtop=0600h \
  -psmallconst=SMALLCONST -pmediumconst=MEDIUMCONST -pconst=CONST \
  -AFARRAM=00h-00h \
  -prdata=COMRAM,nvrram=COMRAM,nvbit=COMRAM,rbss=COMRAM,rbit=COMRAM \
  -pfarbss=FARRAM,fardata=FARRAM,nvFARRAM=FARRAM \
  -pintsave_regs=BIGRAM,bigbss=BIGRAM,bigdata=BIGRAM -pbss=RAM \
  -pidata=CODE,irdata=CODE,ibigdata=CODE,ifardata=CODE -prparam=COMRAM \
  C:\Users\profb\AppData\Local\Temp\xcAs65s.o \
  dist/default/production\SERIAL_mod_analog_superv.X.production.o 

Object code version is 3.11

Machine type is 18F4520



                Name                               Link     Load   Length Selector   Space Scale
C:\Users\profb\AppData\Local\Temp\xcAs65s.o
                idloc                            200000   200000        8        0       5
                config                           300000   300000        E        0       4
                init                                  E        E        4        4       0
                reset_vec                             0        0        4        0       0
dist/default/production\SERIAL_mod_analog_superv.X.production.o
                intcode                               8        8        6        4       0
                idloc                            200000   200000        8        0       5
                config                           300000   300000        E        0       4
                temp                                 7B       7B        1        1       1
                smallconst                          600      600       1E      300       0
                text41                             3758     3758       12      30F       0
                intcode_body                       3094     3094       BA      30F       0
                text39                             376A     376A        E      30F       0
                text38                             378C     378C        A      30F       0
                text37                             3782     3782        A      30F       0
                text36                             3778     3778        A      30F       0
                text35                             1A4E     1A4E      42A      30F       0
                text34                             26D8     26D8      1B4      30F       0
                text33                             32A2     32A2       84      30F       0
                text32                             3746     3746       12      30F       0
                text31                             3730     3730       16      30F       0
                text30                             365C     365C       30      30F       0
                text29                             36E6     36E6       26      30F       0
                text28                             36BA     36BA       2C      30F       0
                text27                             351A     351A       46      30F       0
                text26                             2B78     2B78      14A      30F       0
                text25                             288C     288C      188      30F       0
                text24                             2A14     2A14      164      30F       0
                text23                             35E4     35E4       40      30F       0
                text22                             3796     3796        2      30F       0
                text21                             2FCA     2FCA       CA      30F       0
                text20                             3560     3560       44      30F       0
                text19                             31F8     31F8       AA      30F       0
                text18                             2212     2212      2B4      30F       0
                text17                             1E78     1E78      39A      30F       0
                text16                             314E     314E       AA      30F       0
                text15                             2DC8     2DC8      104      30F       0
                text14                             3624     3624       38      30F       0
                text13                             158E     158E      4C0      30F       0
                text12                             34D4     34D4       46      30F       0
                text11                             2CC2     2CC2      106      30F       0
                text10                             2ECC     2ECC       FE      30F       0
                text9                              24C6     24C6      212      30F       0
                text8                              3326     3326       66      30F       0
                text7                              3484     3484       50      30F       0
                text6                              35A4     35A4       40      30F       0
                text5                               61E      61E      A3A      30F       0
                text4                              1058     1058      536      30F       0
                text3                              3434     3434       50      30F       0
                text2                              33E2     33E2       52      30F       0
                text1                              338C     338C       56      30F       0
                text0                              370C     370C       24      30F       0
                cstackCOMRAM                          1        1       76        1       1
                cstackBANK0                          B8       B8       2C       80       1
                bssBANK1                            100      100       50      100       1
                bssBANK0                             80       80       38       80       1
                bssCOMRAM                            77       77        4        1       1
                cinit                              368C     368C       2E      30F       0

TOTAL           Name                               Link     Load   Length     Space
        CLASS   CODE           
                intcode                               8        8        6         0
                init                                  E        E        4         0
                reset_vec                             0        0        4         0
                text41                             3758     3758       12         0
                intcode_body                       3094     3094       BA         0
                text39                             376A     376A        E         0
                text38                             378C     378C        A         0
                text37                             3782     3782        A         0
                text36                             3778     3778        A         0
                text35                             1A4E     1A4E      42A         0
                text34                             26D8     26D8      1B4         0
                text33                             32A2     32A2       84         0
                text32                             3746     3746       12         0
                text31                             3730     3730       16         0
                text30                             365C     365C       30         0
                text29                             36E6     36E6       26         0
                text28                             36BA     36BA       2C         0
                text27                             351A     351A       46         0
                text26                             2B78     2B78      14A         0
                text25                             288C     288C      188         0
                text24                             2A14     2A14      164         0
                text23                             35E4     35E4       40         0
                text22                             3796     3796        2         0
                text21                             2FCA     2FCA       CA         0
                text20                             3560     3560       44         0
                text19                             31F8     31F8       AA         0
                text18                             2212     2212      2B4         0
                text17                             1E78     1E78      39A         0
                text16                             314E     314E       AA         0
                text15                             2DC8     2DC8      104         0
                text14                             3624     3624       38         0
                text13                             158E     158E      4C0         0
                text12                             34D4     34D4       46         0
                text11                             2CC2     2CC2      106         0
                text10                             2ECC     2ECC       FE         0
                text9                              24C6     24C6      212         0
                text8                              3326     3326       66         0
                text7                              3484     3484       50         0
                text6                              35A4     35A4       40         0
                text5                               61E      61E      A3A         0
                text4                              1058     1058      536         0
                text3                              3434     3434       50         0
                text2                              33E2     33E2       52         0
                text1                              338C     338C       56         0
                text0                              370C     370C       24         0
                cinit                              368C     368C       2E         0

        CLASS   CONST          

        CLASS   SMALLCONST     
                smallconst                          600      600       1E         0

        CLASS   MEDIUMCONST    

        CLASS   COMRAM         
                temp                                 7B       7B        1         1
                cstackCOMRAM                          1        1       76         1
                bssCOMRAM                            77       77        4         1

        CLASS   ABS1           

        CLASS   BIGRAM         

        CLASS   RAM            

        CLASS   BANK0          
                cstackBANK0                          B8       B8       2C         1
                bssBANK0                             80       80       38         1

        CLASS   BANK1          
                bssBANK1                            100      100       50         1

        CLASS   BANK2          

        CLASS   BANK3          

        CLASS   BANK4          

        CLASS   BANK5          

        CLASS   SFR            

        CLASS   BIGSFR         

        CLASS   CONFIG         
                config                           300000   300000        E         4

        CLASS   IDLOC          
                idloc                            200000   200000        8         5

        CLASS   EEDATA         

        CLASS   FARRAM         

        CLASS   HEAP           

        CLASS   STACK          



SEGMENTS        Name                           Load    Length   Top    Selector   Space  Class

                reset_vec                      000000  000004  000004         0       0  CODE    
                cstackCOMRAM                   000001  00007B  00007C         1       1  COMRAM  
                intcode                        000008  00000A  000012         4       0  CODE    
                bssBANK0                       000080  000064  0000E4        80       1  BANK0   
                bssBANK1                       000100  000050  000150       100       1  BANK1   
                smallconst                     000600  00001E  00061E       300       0  SMALLCON
                text5                          00061E  00317A  003798       30F       0  CODE    


UNUSED ADDRESS RANGES

        Name                Unused          Largest block    Delta
        BANK0            0000E4-0000FF               1C
        BANK1            000150-0001FF               B0
        BANK2            000200-0002FF              100
        BANK3            000300-0003FF              100
        BANK4            000400-0004FF              100
        BANK5            000500-0005FF              100
        BIGRAM           00007C-00007F                4
                         0000E4-0000FF               1C
                         000150-0005FF              4B0
        BIGSFR           000F80-000FFF               80
        CODE             000004-000007                4
                         000012-0005FF              5EE
                         003798-007FFF             4868
        COMRAM           00007C-00007F                4
        CONST            000004-000007                4
                         000012-0005FF              5EE
                         003798-007FFF             4868
        EEDATA           F00000-F000FF              100
        MEDIUMCONST      003798-007FFF             4868
        RAM              0000E4-0000FF               1C
                         000150-0005FF              100
        SFR              000F80-000FFF               80
        SMALLCONST       003798-007FFF              100

                                  Symbol Table

?___aodiv                 cstackCOMRAM 000004
?___aomod                 cstackCOMRAM 000004
?___fladd                 cstackCOMRAM 000004
?___fldiv                 cstackCOMRAM 000004
?___flmul                 cstackCOMRAM 000012
?___flneg                 cstackCOMRAM 000004
?___flsub                 cstackCOMRAM 00002B
?___fltol                 cstackCOMRAM 000004
?___fpclassifyf           cstackCOMRAM 000004
?___wmul                  cstackCOMRAM 000004
?___xxtofl                cstackCOMRAM 000004
?_abs                     cstackCOMRAM 000016
?_atoi                    cstackCOMRAM 00000A
?_floorf                  cstackCOMRAM 00001D
?_isdigit                 cstackCOMRAM 000004
?_isspace                 cstackCOMRAM 000004
?_labs                    cstackCOMRAM 000004
?_sprintf                 cstackBANK0  0000CB
?_vfprintf                cstackBANK0  0000C5
_ADCON0                   (abs)        000FC2
_ADCON0bits               (abs)        000FC2
_ADCON1                   (abs)        000FC1
_ADCON2                   (abs)        000FC0
_ADRESH                   (abs)        000FC4
_ADRESL                   (abs)        000FC3
_BAUDCTLbits              (abs)        000FB8
_BufferSERIAL             bssBANK0     000098
_BufferSERIALRX           bssBANK0     000080
_INTCON                   (abs)        000FF2
_OSCCON                   (abs)        000FD3
_OSCTUNE                  (abs)        000F9B
_PIE1                     (abs)        000F9D
_PIR1bits                 (abs)        000F9E
_PORTD                    (abs)        000F83
_PORTDbits                (abs)        000F83
_RCIF                     (abs)        007CF5
_RCREG                    (abs)        000FAE
_RCSTAbits                (abs)        000FAB
_SPBRG                    (abs)        000FAF
_TRISD                    (abs)        000F95
_TRMT                     (abs)        007D61
_TXREG                    (abs)        000FAD
_TXSTAbits                (abs)        000FAC
_VdigADC                  bssBANK0     000096
_VoltageADC               bssBANK0     000090
__HRAM                    (abs)        000000
__Habs1                   abs1         000000
__Hbank0                  bank0        000000
__Hbank1                  bank1        000000
__Hbank2                  bank2        000000
__Hbank3                  bank3        000000
__Hbank4                  bank4        000000
__Hbank5                  bank5        000000
__Hbigbss                 bigbss       000000
__Hbigdata                bigdata      000000
__Hbigram                 bigram       000000
__Hbigsfr                 bigsfr       000000
__Hbss                    bss          000000
__HbssBANK0               bssBANK0     000000
__HbssBANK1               bssBANK1     000000
__HbssCOMRAM              bssCOMRAM    000000
__Hcinit                  cinit        000000
__Hclrtext                clrtext      000000
__Hcomram                 comram       000000
__Hconfig                 config       30000E
__Hconst                  const        000000
__HcstackBANK0            cstackBANK0  000000
__HcstackCOMRAM           cstackCOMRAM 000000
__Hdata                   data         000000
__Heeprom_data            eeprom_data  000000
__Hfarbss                 farbss       000000
__Hfardata                fardata      000000
__Hheap                   heap         000000
__Hibigdata               ibigdata     000000
__Hidata                  idata        000000
__Hidloc                  idloc        200008
__Hifardata               ifardata     000000
__Hinit                   init         000012
__Hintcode                intcode      00000E
__Hintcode_body           intcode_body 000000
__Hintcodelo              intcodelo    00000E
__Hintentry               intentry     000000
__Hintret                 intret       000000
__Hintsave_regs           intsave_regs 000000
__Hirdata                 irdata       000000
__Hmediumconst            mediumconst  000000
__HnvFARRAM               nvFARRAM     000000
__Hnvbit                  nvbit        000000
__Hnvrram                 nvrram       000000
__Hparam                  rparam       000000
__Hpowerup                powerup      00000E
__Hram                    ram          000000
__Hramtop                 ramtop       000600
__Hrbit                   rbit         000000
__Hrbss                   rbss         000000
__Hrdata                  rdata        000000
__Hreset_vec              reset_vec    000004
__Hrparam                 rparam       000000
__Hsfr                    sfr          000000
__Hsmallconst             smallconst   00061E
__Hspace_0                (abs)        003798
__Hspace_1                (abs)        000150
__Hspace_2                (abs)        000000
__Hspace_4                (abs)        60000E
__Hstack                  stack        000000
__Hstruct                 struct       000000
__Htemp                   temp         00007C
__Htext                   text         000000
__Htext0                  text0        000000
__Htext1                  text1        000000
__Htext10                 text10       000000
__Htext11                 text11       000000
__Htext12                 text12       000000
__Htext13                 text13       000000
__Htext14                 text14       000000
__Htext15                 text15       000000
__Htext16                 text16       000000
__Htext17                 text17       000000
__Htext18                 text18       000000
__Htext19                 text19       000000
__Htext2                  text2        000000
__Htext20                 text20       000000
__Htext21                 text21       000000
__Htext22                 text22       000000
__Htext23                 text23       000000
__Htext24                 text24       000000
__Htext25                 text25       000000
__Htext26                 text26       000000
__Htext27                 text27       000000
__Htext28                 text28       000000
__Htext29                 text29       000000
__Htext3                  text3        000000
__Htext30                 text30       000000
__Htext31                 text31       000000
__Htext32                 text32       000000
__Htext33                 text33       000000
__Htext34                 text34       000000
__Htext35                 text35       000000
__Htext36                 text36       000000
__Htext37                 text37       000000
__Htext38                 text38       000000
__Htext39                 text39       000000
__Htext4                  text4        000000
__Htext41                 text41       000000
__Htext5                  text5        000000
__Htext6                  text6        000000
__Htext7                  text7        000000
__Htext8                  text8        000000
__Htext9                  text9        000000
__LRAM                    (abs)        000001
__Labs1                   abs1         000000
__Lbank0                  bank0        000000
__Lbank1                  bank1        000000
__Lbank2                  bank2        000000
__Lbank3                  bank3        000000
__Lbank4                  bank4        000000
__Lbank5                  bank5        000000
__Lbigbss                 bigbss       000000
__Lbigdata                bigdata      000000
__Lbigram                 bigram       000000
__Lbigsfr                 bigsfr       000000
__Lbss                    bss          000000
__LbssBANK0               bssBANK0     000000
__LbssBANK1               bssBANK1     000000
__LbssCOMRAM              bssCOMRAM    000000
__Lcinit                  cinit        000000
__Lclrtext                clrtext      000000
__Lcomram                 comram       000000
__Lconfig                 config       000000
__Lconst                  const        000000
__LcstackBANK0            cstackBANK0  000000
__LcstackCOMRAM           cstackCOMRAM 000000
__Ldata                   data         000000
__Leeprom_data            eeprom_data  000000
__Lfarbss                 farbss       000000
__Lfardata                fardata      000000
__Lheap                   heap         000000
__Libigdata               ibigdata     000000
__Lidata                  idata        000000
__Lidloc                  idloc        000000
__Lifardata               ifardata     000000
__Linit                   init         00000E
__Lintcode                intcode      000008
__Lintcode_body           intcode_body 000000
__Lintcodelo              intcodelo    00000E
__Lintentry               intentry     000000
__Lintret                 intret       000000
__Lintsave_regs           intsave_regs 000000
__Lirdata                 irdata       000000
__Lmediumconst            mediumconst  000000
__LnvFARRAM               nvFARRAM     000000
__Lnvbit                  nvbit        000000
__Lnvrram                 nvrram       000000
__Lparam                  rparam       000000
__Lpowerup                powerup      00000E
__Lram                    ram          000000
__Lramtop                 ramtop       000600
__Lrbit                   rbit         000000
__Lrbss                   rbss         000000
__Lrdata                  rdata        000000
__Lreset_vec              reset_vec    000000
__Lrparam                 rparam       000000
__Lsfr                    sfr          000000
__Lsmallconst             smallconst   000600
__Lspace_0                (abs)        000000
__Lspace_1                (abs)        000000
__Lspace_2                (abs)        000000
__Lspace_4                (abs)        000000
__Lstack                  stack        000000
__Lstruct                 struct       000000
__Ltemp                   temp         00007B
__Ltext                   text         000000
__Ltext0                  text0        000000
__Ltext1                  text1        000000
__Ltext10                 text10       000000
__Ltext11                 text11       000000
__Ltext12                 text12       000000
__Ltext13                 text13       000000
__Ltext14                 text14       000000
__Ltext15                 text15       000000
__Ltext16                 text16       000000
__Ltext17                 text17       000000
__Ltext18                 text18       000000
__Ltext19                 text19       000000
__Ltext2                  text2        000000
__Ltext20                 text20       000000
__Ltext21                 text21       000000
__Ltext22                 text22       000000
__Ltext23                 text23       000000
__Ltext24                 text24       000000
__Ltext25                 text25       000000
__Ltext26                 text26       000000
__Ltext27                 text27       000000
__Ltext28                 text28       000000
__Ltext29                 text29       000000
__Ltext3                  text3        000000
__Ltext30                 text30       000000
__Ltext31                 text31       000000
__Ltext32                 text32       000000
__Ltext33                 text33       000000
__Ltext34                 text34       000000
__Ltext35                 text35       000000
__Ltext36                 text36       000000
__Ltext37                 text37       000000
__Ltext38                 text38       000000
__Ltext39                 text39       000000
__Ltext4                  text4        000000
__Ltext41                 text41       000000
__Ltext5                  text5        000000
__Ltext6                  text6        000000
__Ltext7                  text7        000000
__Ltext8                  text8        000000
__Ltext9                  text9        000000
__S0                      (abs)        003798
__S1                      (abs)        000150
__S4                      (abs)        000000
__S5                      (abs)        000000
___aodiv                  text25       00288C
___aodiv@counter          cstackCOMRAM 000014
___aodiv@dividend         cstackCOMRAM 000004
___aodiv@divisor          cstackCOMRAM 00000C
___aodiv@quotient         cstackCOMRAM 000016
___aodiv@sign             cstackCOMRAM 000015
___aomod                  text24       002A14
___aomod@counter          cstackCOMRAM 000014
___aomod@dividend         cstackCOMRAM 000004
___aomod@divisor          cstackCOMRAM 00000C
___aomod@sign             cstackCOMRAM 000015
___fladd                  text13       00158E
___fladd@a                cstackCOMRAM 000008
___fladd@aexp             cstackCOMRAM 000011
___fladd@b                cstackCOMRAM 000004
___fladd@bexp             cstackCOMRAM 000012
___fladd@grs              cstackCOMRAM 000013
___fladd@signs            cstackCOMRAM 000010
___fldiv                  text17       001E78
___fldiv@a                cstackCOMRAM 000008
___fldiv@aexp             cstackCOMRAM 00001C
___fldiv@b                cstackCOMRAM 000004
___fldiv@bexp             cstackCOMRAM 00001B
___fldiv@grs              cstackCOMRAM 000017
___fldiv@new_exp          cstackCOMRAM 000015
___fldiv@rem              cstackCOMRAM 000010
___fldiv@sign             cstackCOMRAM 000014
___fleq                   text16       00314E
___fleq@ff1               cstackCOMRAM 000004
___fleq@ff2               cstackCOMRAM 000008
___flge                   text15       002DC8
___flge@ff1               cstackCOMRAM 00002B
___flge@ff2               cstackCOMRAM 00002F
___flmul                  text35       001A4E
___flmul@a                cstackCOMRAM 000016
___flmul@aexp             cstackCOMRAM 00001F
___flmul@b                cstackCOMRAM 000012
___flmul@bexp             cstackCOMRAM 000024
___flmul@grs              cstackCOMRAM 000020
___flmul@prod             cstackCOMRAM 000025
___flmul@sign             cstackCOMRAM 00001E
___flmul@temp             cstackCOMRAM 000029
___flneg                  text14       003624
___flneg@f1               cstackCOMRAM 000004
___flsub                  text12       0034D4
___flsub@a                cstackCOMRAM 00002F
___flsub@b                cstackCOMRAM 00002B
___fltol                  text11       002CC2
___fltol@exp1             cstackCOMRAM 00000D
___fltol@f1               cstackCOMRAM 000004
___fltol@sign1            cstackCOMRAM 00000C
___fpclassifyf            text10       002ECC
___fpclassifyf@F465       bssBANK0     00008C
___fpclassifyf@e          cstackCOMRAM 00000C
___fpclassifyf@u          cstackCOMRAM 00000E
___fpclassifyf@x          cstackCOMRAM 000004
___heap_hi                (abs)        000000
___heap_lo                (abs)        000000
___inthi_sp               stack        000000
___intlo_sp               stack        000000
___param_bank             (abs)        000000
___rparam_used            (abs)        000001
___sp                     stack        000000
___wmul                   text29       0036E6
___wmul@multiplicand      cstackCOMRAM 000006
___wmul@multiplier        cstackCOMRAM 000004
___wmul@product           cstackCOMRAM 000008
___xxtofl                 text34       0026D8
___xxtofl@arg             cstackCOMRAM 00000E
___xxtofl@exp             cstackCOMRAM 00000D
___xxtofl@sign            cstackCOMRAM 00000C
___xxtofl@val             cstackCOMRAM 000004
__accesstop               (abs)        000080
__activetblptr            (abs)        000002
__end_of___aodiv          text25       002A14
__end_of___aomod          text24       002B78
__end_of___fladd          text13       001A4E
__end_of___fldiv          text17       002212
__end_of___fleq           text16       0031F8
__end_of___flge           text15       002ECC
__end_of___flmul          text35       001E78
__end_of___flneg          text14       00365C
__end_of___flsub          text12       00351A
__end_of___fltol          text11       002DC8
__end_of___fpclassifyf    text10       002FCA
__end_of___wmul           text29       00370C
__end_of___xxtofl         text34       00288C
__end_of__initialization  cinit        0036AC
__end_of_abs              text23       003624
__end_of_atoi             text26       002CC2
__end_of_config_ADC       text39       003778
__end_of_config_FOSC      text38       003796
__end_of_config_IO        text37       00378C
__end_of_config_Interrupt text36       003782
__end_of_conv_AN0         text33       003326
__end_of_dtoa             text18       0024C6
__end_of_efgtoa           text5        001058
__end_of_eusart_init      text32       003758
__end_of_eusart_read      text41       00376A
__end_of_eusart_string    text30       00368C
__end_of_eusart_write     text31       003746
__end_of_floorf           text9        0026D8
__end_of_fputc            text21       003094
__end_of_fputs            text20       0035A4
__end_of_isdigit          text28       0036E6
__end_of_isspace          text27       003560
__end_of_labs             text8        00338C
__end_of_main             text0        003730
__end_of_memcpy           text7        0034D4
__end_of_pad              text19       0032A2
__end_of_putch            text22       003798
__end_of_receive_DATA     intcode_body 00314E
__end_of_sprintf          text2        003434
__end_of_strcpy           text6        0035E4
__end_of_transmiter_DATA  text1        0033E2
__end_of_vfpfcnvrt        text4        00158E
__end_of_vfprintf         text3        003484
__initialization          cinit        00368C
__mediumconst             mediumconst  000000
__pbssBANK0               bssBANK0     000080
__pbssBANK1               bssBANK1     000100
__pbssCOMRAM              bssCOMRAM    000077
__pcinit                  cinit        00368C
__pcstackBANK0            cstackBANK0  0000B8
__pcstackCOMRAM           cstackCOMRAM 000001
__pintcode                intcode      000008
__pintcode_body           intcode_body 003094
__psmallconst             smallconst   000600
__ptext0                  text0        00370C
__ptext1                  text1        00338C
__ptext10                 text10       002ECC
__ptext11                 text11       002CC2
__ptext12                 text12       0034D4
__ptext13                 text13       00158E
__ptext14                 text14       003624
__ptext15                 text15       002DC8
__ptext16                 text16       00314E
__ptext17                 text17       001E78
__ptext18                 text18       002212
__ptext19                 text19       0031F8
__ptext2                  text2        0033E2
__ptext20                 text20       003560
__ptext21                 text21       002FCA
__ptext22                 text22       003796
__ptext23                 text23       0035E4
__ptext24                 text24       002A14
__ptext25                 text25       00288C
__ptext26                 text26       002B78
__ptext27                 text27       00351A
__ptext28                 text28       0036BA
__ptext29                 text29       0036E6
__ptext3                  text3        003434
__ptext30                 text30       00365C
__ptext31                 text31       003730
__ptext32                 text32       003746
__ptext33                 text33       0032A2
__ptext34                 text34       0026D8
__ptext35                 text35       001A4E
__ptext36                 text36       003778
__ptext37                 text37       003782
__ptext38                 text38       00378C
__ptext39                 text39       00376A
__ptext4                  text4        001058
__ptext41                 text41       003758
__ptext5                  text5        00061E
__ptext6                  text6        0035A4
__ptext7                  text7        003484
__ptext8                  text8        003326
__ptext9                  text9        0024C6
__ramtop                  ramtop       000600
__smallconst              smallconst   000600
_abs                      text23       0035E4
_atoi                     text26       002B78
_config_ADC               text39       00376A
_config_FOSC              text38       00378C
_config_IO                text37       003782
_config_Interrupt         text36       003778
_conv_AN0                 text33       0032A2
_dbuf                     bssBANK1     000100
_dtoa                     text18       002212
_dtoa$1006                cstackCOMRAM 000031
_efgtoa                   text5        00061E
_efgtoa$1037              cstackCOMRAM 000046
_eusart_init              text32       003746
_eusart_read              text41       003758
_eusart_string            text30       00365C
_eusart_write             text31       003730
_flags                    bssCOMRAM    000079
_floorf                   text9        0024C6
_fputc                    text21       002FCA
_fputs                    text20       003560
_i                        bssCOMRAM    00007A
_isdigit                  text28       0036BA
_isspace                  text27       00351A
_isspace$1117             cstackCOMRAM 000008
_labs                     text8        003326
_main                     text0        00370C
_memcpy                   text7        003484
_pad                      text19       0031F8
_prec                     bssCOMRAM    000077
_putch                    text22       003796
_receive_DATA             intcode      000008
_sprintf                  text2        0033E2
_strcpy                   text6        0035A4
_transmiter_DATA          text1        00338C
_vfpfcnvrt                text4        001058
_vfprintf                 text3        003434
_width                    bssBANK0     000094
abs@a                     cstackCOMRAM 000016
atoi@n                    cstackCOMRAM 000011
atoi@neg                  cstackCOMRAM 00000F
atoi@s                    cstackCOMRAM 00000A
btemp                     temp         00007B
dtoa@d                    cstackCOMRAM 000021
dtoa@fp                   cstackCOMRAM 00001F
dtoa@i                    cstackCOMRAM 000040
dtoa@n                    cstackCOMRAM 000037
dtoa@p                    cstackCOMRAM 000033
dtoa@s                    cstackCOMRAM 00003F
dtoa@w                    cstackCOMRAM 000035
efgtoa@c                  cstackCOMRAM 00003D
efgtoa@d                  cstackCOMRAM 00004B
efgtoa@e                  cstackCOMRAM 00004F
efgtoa@f                  cstackCOMRAM 000039
efgtoa@fp                 cstackCOMRAM 000037
efgtoa@g                  cstackCOMRAM 000062
efgtoa@h                  cstackCOMRAM 000057
efgtoa@i                  cstackCOMRAM 00005F
efgtoa@l                  cstackCOMRAM 00005B
efgtoa@m                  cstackCOMRAM 00004D
efgtoa@mode               cstackCOMRAM 000049
efgtoa@n                  cstackCOMRAM 000066
efgtoa@ne                 cstackCOMRAM 000040
efgtoa@nmode              cstackCOMRAM 00004A
efgtoa@ou                 cstackCOMRAM 000051
efgtoa@p                  cstackCOMRAM 000042
efgtoa@pp                 cstackCOMRAM 000048
efgtoa@sign               cstackCOMRAM 000061
efgtoa@t                  cstackCOMRAM 000044
efgtoa@u                  cstackCOMRAM 000068
efgtoa@w                  cstackCOMRAM 000055
end_of_initialization     cinit        0036AC
eusart_string@str         cstackCOMRAM 000005
eusart_write@c            cstackCOMRAM 000004
floorf@F526               bssBANK0     000088
floorf@e                  cstackCOMRAM 00002B
floorf@m                  cstackCOMRAM 000027
floorf@u                  cstackCOMRAM 00002D
floorf@x                  cstackCOMRAM 00001D
fputc@c                   cstackCOMRAM 000004
fputc@fp                  cstackCOMRAM 000006
fputs@c                   cstackCOMRAM 000011
fputs@fp                  cstackCOMRAM 00000F
fputs@i                   cstackCOMRAM 000012
fputs@s                   cstackCOMRAM 00000D
int$flags                 temp         00007B
int_func                  intcode_body 003094
intlevel0                 text         000000
intlevel1                 text         000000
intlevel2                 text         000000
intlevel3                 text         000000
isa$std                   (abs)        000001
isa$xinst                 (abs)        000000
isdigit@c                 cstackCOMRAM 000004
isspace@c                 cstackCOMRAM 000004
labs@a                    cstackCOMRAM 000004
memcpy@d                  cstackCOMRAM 00000B
memcpy@d1                 cstackCOMRAM 000004
memcpy@n                  cstackCOMRAM 000008
memcpy@s                  cstackCOMRAM 00000D
memcpy@s1                 cstackCOMRAM 000006
memcpy@tmp                cstackCOMRAM 00000A
pad@buf                   cstackCOMRAM 000016
pad@fp                    cstackCOMRAM 000014
pad@i                     cstackCOMRAM 00001B
pad@p                     cstackCOMRAM 000018
pad@w                     cstackCOMRAM 00001D
sprintf@ap                cstackBANK0  0000D5
sprintf@f                 cstackBANK0  0000D7
sprintf@fmt               cstackBANK0  0000CD
sprintf@s                 cstackBANK0  0000CB
stackhi                   (abs)        000000
stacklo                   (abs)        000000
start                     init         00000E
start_initialization      cinit        00368C
strcpy@d                  cstackCOMRAM 00000A
strcpy@dest               cstackCOMRAM 000004
strcpy@s                  cstackCOMRAM 000008
strcpy@src                cstackCOMRAM 000006
ttemp5                    temp         00007C
ttemp6                    temp         00007F
ttemp7                    temp         000083
vfpfcnvrt@ap              cstackCOMRAM 000070
vfpfcnvrt@c               cstackBANK0  0000C2
vfpfcnvrt@convarg         cstackBANK0  0000BA
vfpfcnvrt@cp              cstackBANK0  0000C3
vfpfcnvrt@done            cstackBANK0  0000B8
vfpfcnvrt@fmt             cstackCOMRAM 00006E
vfpfcnvrt@fp              cstackCOMRAM 00006C
vfprintf@ap               cstackBANK0  0000C9
vfprintf@cfmt             cstackCOMRAM 000075
vfprintf@fmt              cstackBANK0  0000C7
vfprintf@fp               cstackBANK0  0000C5
wtemp8                    temp         00007C


MODULE INFORMATION

Module		Function		Class		Link	Load	Size
C:\Program Files\Microchip\xc8\v2.40\pic\sources\c99\common\sprcmul.c
		___flmul       		CODE           	1A4E	0000	1066

C:\Program Files\Microchip\xc8\v2.40\pic\sources\c99\common\sprcmul.c estimated size: 1066

C:\Program Files\Microchip\xc8\v2.40\pic\sources\c99\common\nf_fputc.c
		_fputc         		CODE           	2FCA	0000	202

C:\Program Files\Microchip\xc8\v2.40\pic\sources\c99\common\nf_fputc.c estimated size: 202

C:\Program Files\Microchip\xc8\v2.40\pic\sources\c99\common\sprcdiv.c
		___fldiv       		CODE           	1E78	0000	922

C:\Program Files\Microchip\xc8\v2.40\pic\sources\c99\common\sprcdiv.c estimated size: 922

C:\Program Files\Microchip\xc8\v2.40\pic\sources\c99\common\nf_sprintf.c
		_sprintf       		CODE           	33E2	0000	82

C:\Program Files\Microchip\xc8\v2.40\pic\sources\c99\common\nf_sprintf.c estimated size: 82

C:\Program Files\Microchip\xc8\v2.40\pic\sources\c99\common\memcpy.c
		_memcpy        		CODE           	3484	0000	80

C:\Program Files\Microchip\xc8\v2.40\pic\sources\c99\common\memcpy.c estimated size: 80

C:\Program Files\Microchip\xc8\v2.40\pic\sources\c99\common\fltol.c
		___fltol       		CODE           	2CC2	0000	262

C:\Program Files\Microchip\xc8\v2.40\pic\sources\c99\common\fltol.c estimated size: 262

C:\Program Files\Microchip\xc8\v2.40\pic\sources\c99\common\isspace.c
		_isspace       		CODE           	351A	0000	70

C:\Program Files\Microchip\xc8\v2.40\pic\sources\c99\common\isspace.c estimated size: 70

C:\Program Files\Microchip\xc8\v2.40\pic\sources\c99\common\atoi.c
		_atoi          		CODE           	2B78	0000	330

C:\Program Files\Microchip\xc8\v2.40\pic\sources\c99\common\atoi.c estimated size: 330

C:\Program Files\Microchip\xc8\v2.40\pic\sources\c99\common\Umul16.c
		___wmul        		CODE           	36E6	0000	38

C:\Program Files\Microchip\xc8\v2.40\pic\sources\c99\common\Umul16.c estimated size: 38

C:\Program Files\Microchip\xc8\v2.40\pic\sources\c99\common\fleq.c
		___fleq        		CODE           	314E	0000	170

C:\Program Files\Microchip\xc8\v2.40\pic\sources\c99\common\fleq.c estimated size: 170

eusart.c
		_eusart_read   		CODE           	3758	0000	18
		_eusart_init   		CODE           	3746	0000	18
		_eusart_write  		CODE           	3730	0000	22
		_eusart_string 		CODE           	365C	0000	48

eusart.c estimated size: 106

C:\Program Files\Microchip\xc8\v2.40\pic\sources\c99\common\abs.c
		_abs           		CODE           	35E4	0000	64

C:\Program Files\Microchip\xc8\v2.40\pic\sources\c99\common\abs.c estimated size: 64

C:\Program Files\Microchip\xc8\v2.40\pic\sources\c99\common\__fpclassifyf.c
		___fpclassifyf 		CODE           	2ECC	0000	254

C:\Program Files\Microchip\xc8\v2.40\pic\sources\c99\common\__fpclassifyf.c estimated size: 254

C:\Program Files\Microchip\xc8\v2.40\pic\sources\c99\common\isdigit.c
		_isdigit       		CODE           	36BA	0000	44

C:\Program Files\Microchip\xc8\v2.40\pic\sources\c99\common\isdigit.c estimated size: 44

C:\Program Files\Microchip\xc8\v2.40\pic\sources\c99\common\sprcadd.c
		___flsub       		CODE           	34D4	0000	70
		___fladd       		CODE           	158E	0000	1216

C:\Program Files\Microchip\xc8\v2.40\pic\sources\c99\common\sprcadd.c estimated size: 1286

C:\Program Files\Microchip\xc8\v2.40\pic\sources\c99\common\floorf.c
		_floorf        		CODE           	24C6	0000	530

C:\Program Files\Microchip\xc8\v2.40\pic\sources\c99\common\floorf.c estimated size: 530

Program_main.c
		_config_Interrupt		CODE           	3778	0000	10
		_transmiter_DATA		CODE           	338C	0000	86
		_main          		CODE           	370C	0000	36
		_receive_DATA  		CODE           	0008	0000	192
		_conv_AN0      		CODE           	32A2	0000	132
		_config_IO     		CODE           	3782	0000	10
		_config_ADC    		CODE           	376A	0000	14
		_config_FOSC   		CODE           	378C	0000	10

Program_main.c estimated size: 490

C:\Program Files\Microchip\xc8\v2.40\pic\sources\c99\common\flneg.c
		___flneg       		CODE           	3624	0000	56

C:\Program Files\Microchip\xc8\v2.40\pic\sources\c99\common\flneg.c estimated size: 56

C:\Program Files\Microchip\xc8\v2.40\pic\sources\c99\common\labs.c
		_labs          		CODE           	3326	0000	102

C:\Program Files\Microchip\xc8\v2.40\pic\sources\c99\common\labs.c estimated size: 102

C:\Program Files\Microchip\xc8\v2.40\pic\sources\c99\common\xxtofl.c
		___xxtofl      		CODE           	26D8	0000	436

C:\Program Files\Microchip\xc8\v2.40\pic\sources\c99\common\xxtofl.c estimated size: 436

C:\Program Files\Microchip\xc8\v2.40\pic\sources\c99\common\nf_fputs.c
		_fputs         		CODE           	3560	0000	68

C:\Program Files\Microchip\xc8\v2.40\pic\sources\c99\common\nf_fputs.c estimated size: 68

C:\Program Files\Microchip\xc8\v2.40\pic\sources\c99\common\aomod.c
		___aomod       		CODE           	2A14	0000	356

C:\Program Files\Microchip\xc8\v2.40\pic\sources\c99\common\aomod.c estimated size: 356

shared
		__initialization		CODE           	368C	0000	32

shared estimated size: 32

C:\Program Files\Microchip\xc8\v2.40\pic\sources\c99\common\strcpy.c
		_strcpy        		CODE           	35A4	0000	64

C:\Program Files\Microchip\xc8\v2.40\pic\sources\c99\common\strcpy.c estimated size: 64

C:\Program Files\Microchip\xc8\v2.40\pic\sources\c99\common\flge.c
		___flge        		CODE           	2DC8	0000	260

C:\Program Files\Microchip\xc8\v2.40\pic\sources\c99\common\flge.c estimated size: 260

C:\Program Files\Microchip\xc8\v2.40\pic\sources\c99\common\putch.c
		_putch         		CODE           	3796	0000	2

C:\Program Files\Microchip\xc8\v2.40\pic\sources\c99\common\putch.c estimated size: 2

C:\Program Files\Microchip\xc8\v2.40\pic\sources\c99\common\doprnt.c
		_vfpfcnvrt     		CODE           	1058	0000	1334
		_efgtoa        		CODE           	061E	0000	2618
		_pad           		CODE           	31F8	0000	170
		_dtoa          		CODE           	2212	0000	692
		_vfprintf      		CODE           	3434	0000	80

C:\Program Files\Microchip\xc8\v2.40\pic\sources\c99\common\doprnt.c estimated size: 4894

C:\Program Files\Microchip\xc8\v2.40\pic\sources\c99\common\aodiv.c
		___aodiv       		CODE           	288C	0000	392

C:\Program Files\Microchip\xc8\v2.40\pic\sources\c99\common\aodiv.c estimated size: 392

