Microchip MPLAB XC8 Compiler V2.40

Linker command line:

-W-3 \
  --edf=C:/Users/profb/.mchp_packs/Microchip/PIC18Fxxxx_DFP/1.4.151/xc8\pic\dat\20230323171731_en.msgs \
  -cn -h+dist/default/production\SERIAL_Echo_Half_Duplex.X.production.sym \
  --cmf=dist/default/production\SERIAL_Echo_Half_Duplex.X.production.cmf -z \
  -Q18F4520 -oC:\Users\profb\AppData\Local\Temp\xcAsn28.4 \
  --defsym=__MPLAB_BUILD=1 --fixupoverflow=error \
  -Mdist/default/production/SERIAL_Echo_Half_Duplex.X.production.map \
  --md=C:\Users\profb\AppData\Local\Temp\xcAsn28.dat -E1 -ver=XC8 Compiler \
  --acfsm=1493 -ACODE=00h-07FFFh -ACONST=00h-07FFFh \
  -ASMALLCONST=0600h-06FFhx122 -AMEDIUMCONST=0600h-07FFFh -ACOMRAM=01h-07Fh \
  -AABS1=00h-05FFh -ABIGRAM=01h-05FFh -ARAM=080h-0FFh,0100h-01FFhx5 \
  -ABANK0=080h-0FFh -ABANK1=0100h-01FFh -ABANK2=0200h-02FFh \
  -ABANK3=0300h-03FFh -ABANK4=0400h-04FFh -ABANK5=0500h-05FFh \
  -ASFR=0F80h-0FFFh -ABIGSFR=0F80h-0FFFh -ACONFIG=0300000h-030000Dh \
  -AIDLOC=0200000h-0200007h -AEEDATA=0F00000h-0F000FFh -peeprom_data=EEDATA \
  -preset_vec=00h,intcode,intcodelo,powerup,init -pramtop=0600h \
  -psmallconst=SMALLCONST -pmediumconst=MEDIUMCONST -pconst=CONST \
  -AFARRAM=00h-00h \
  -prdata=COMRAM,nvrram=COMRAM,nvbit=COMRAM,rbss=COMRAM,rbit=COMRAM \
  -pfarbss=FARRAM,fardata=FARRAM,nvFARRAM=FARRAM \
  -pintsave_regs=BIGRAM,bigbss=BIGRAM,bigdata=BIGRAM -pbss=RAM \
  -pidata=CODE,irdata=CODE,ibigdata=CODE,ifardata=CODE -prparam=COMRAM \
  C:\Users\profb\AppData\Local\Temp\xcAsn28.o \
  dist/default/production\SERIAL_Echo_Half_Duplex.X.production.o 

Object code version is 3.11

Machine type is 18F4520



                Name                               Link     Load   Length Selector   Space Scale
C:\Users\profb\AppData\Local\Temp\xcAsn28.o
                idloc                            200000   200000        8        0       5
                config                           300000   300000        E        0       4
                init                                  0        0        4        0       0
dist/default/production\SERIAL_Echo_Half_Duplex.X.production.o
                idloc                            200000   200000        8        0       5
                config                           300000   300000        E        0       4
                text7                              7F44     7F44        A     3FA2       0
                text6                              7F3E     7F3E        6     3F9F       0
                text5                              7F4E     7F4E        A     3FA7       0
                text4                              7F58     7F58       12     3FAC       0
                text3                              7F6A     7F6A       12     3FB5       0
                text2                              7F8E     7F8E       16     3FC7       0
                text1                              7FD0     7FD0       30     3FE8       0
                text0                              7FA4     7FA4       2C     3FD2       0
                cstackCOMRAM                          1        1        3        1       1
                bssBANK0                             80       80       80       80       1
                cinit                              7F7C     7F7C       12     3FBE       0

TOTAL           Name                               Link     Load   Length     Space
        CLASS   CODE           
                init                                  0        0        4         0
                text7                              7F44     7F44        A         0
                text6                              7F3E     7F3E        6         0
                text5                              7F4E     7F4E        A         0
                text4                              7F58     7F58       12         0
                text3                              7F6A     7F6A       12         0
                text2                              7F8E     7F8E       16         0
                text1                              7FD0     7FD0       30         0
                text0                              7FA4     7FA4       2C         0
                cinit                              7F7C     7F7C       12         0

        CLASS   CONST          

        CLASS   SMALLCONST     

        CLASS   MEDIUMCONST    

        CLASS   COMRAM         
                cstackCOMRAM                          1        1        3         1

        CLASS   ABS1           

        CLASS   BIGRAM         

        CLASS   RAM            

        CLASS   BANK0          
                bssBANK0                             80       80       80         1

        CLASS   BANK1          

        CLASS   BANK2          

        CLASS   BANK3          

        CLASS   BANK4          

        CLASS   BANK5          

        CLASS   SFR            

        CLASS   BIGSFR         

        CLASS   CONFIG         
                config                           300000   300000        E         4

        CLASS   IDLOC          
                idloc                            200000   200000        8         5

        CLASS   EEDATA         

        CLASS   FARRAM         

        CLASS   HEAP           

        CLASS   STACK          



SEGMENTS        Name                           Load    Length   Top    Selector   Space  Class

                reset_vec                      000000  000004  000004         0       0  CODE    
                cstackCOMRAM                   000001  000003  000004         1       1  COMRAM  
                bssBANK0                       000080  000080  000100        80       1  BANK0   
                text6                          007F3E  000006  007F44      3F9F       0  CODE    
                text7                          007F44  00000A  007F4E      3FA2       0  CODE    
                text5                          007F4E  00000A  007F58      3FA7       0  CODE    
                text4                          007F58  000012  007F6A      3FAC       0  CODE    
                text3                          007F6A  000012  007F7C      3FB5       0  CODE    
                cinit                          007F7C  000012  007F8E      3FBE       0  CODE    
                text2                          007F8E  000016  007FA4      3FC7       0  CODE    
                text0                          007FA4  00002C  007FD0      3FD2       0  CODE    
                text1                          007FD0  000030  008000      3FE8       0  CODE    


UNUSED ADDRESS RANGES

        Name                Unused          Largest block    Delta
        BANK1            000100-0001FF              100
        BANK2            000200-0002FF              100
        BANK3            000300-0003FF              100
        BANK4            000400-0004FF              100
        BANK5            000500-0005FF              100
        BIGRAM           000004-00007F               7C
                         000100-0005FF              500
        BIGSFR           000F80-000FFF               80
        CODE             000004-007F3D             7F3A
        COMRAM           000004-00007F               7C
        CONST            000004-007F3D             7F3A
        EEDATA           F00000-F000FF              100
        MEDIUMCONST      000600-007F3D             793E
        RAM              000100-0005FF              100
        SFR              000F80-000FFF               80
        SMALLCONST       000600-007F3D              100

                                  Symbol Table

_ADCON1                   (abs)        000FC1
_BAUDCTLbits              (abs)        000FB8
_INTCON                   (abs)        000FF2
_OSCCON                   (abs)        000FD3
_OSCTUNE                  (abs)        000F9B
_PIE1                     (abs)        000F9D
_RCIF                     (abs)        007CF5
_RCREG                    (abs)        000FAE
_RCSTAbits                (abs)        000FAB
_SPBRG                    (abs)        000FAF
_TRMT                     (abs)        007D61
_TXREG                    (abs)        000FAD
_TXSTAbits                (abs)        000FAC
__HRAM                    (abs)        000000
__Habs1                   abs1         000000
__Hbank0                  bank0        000000
__Hbank1                  bank1        000000
__Hbank2                  bank2        000000
__Hbank3                  bank3        000000
__Hbank4                  bank4        000000
__Hbank5                  bank5        000000
__Hbigbss                 bigbss       000000
__Hbigdata                bigdata      000000
__Hbigram                 bigram       000000
__Hbigsfr                 bigsfr       000000
__Hbss                    bss          000000
__HbssBANK0               bssBANK0     000000
__Hcinit                  cinit        000000
__Hclrtext                clrtext      000000
__Hcomram                 comram       000000
__Hconfig                 config       30000E
__Hconst                  const        000000
__HcstackCOMRAM           cstackCOMRAM 000000
__Hdata                   data         000000
__Heeprom_data            eeprom_data  000000
__Hfarbss                 farbss       000000
__Hfardata                fardata      000000
__Hheap                   heap         000000
__Hibigdata               ibigdata     000000
__Hidata                  idata        000000
__Hidloc                  idloc        200008
__Hifardata               ifardata     000000
__Hinit                   init         000004
__Hintcode                intcode      000000
__Hintcode_body           intcode_body 000000
__Hintcodelo              intcodelo    000000
__Hintentry               intentry     000000
__Hintret                 intret       000000
__Hintsave_regs           intsave_regs 000000
__Hirdata                 irdata       000000
__Hmediumconst            mediumconst  000000
__HnvFARRAM               nvFARRAM     000000
__Hnvbit                  nvbit        000000
__Hnvrram                 nvrram       000000
__Hparam                  rparam       000000
__Hpowerup                powerup      000000
__Hram                    ram          000000
__Hramtop                 ramtop       000600
__Hrbit                   rbit         000000
__Hrbss                   rbss         000000
__Hrdata                  rdata        000000
__Hreset_vec              reset_vec    000000
__Hrparam                 rparam       000000
__Hsfr                    sfr          000000
__Hsmallconst             smallconst   000000
__Hspace_0                (abs)        008000
__Hspace_1                (abs)        000100
__Hspace_2                (abs)        000000
__Hspace_4                (abs)        60000E
__Hstack                  stack        000000
__Hstruct                 struct       000000
__Htemp                   temp         000000
__Htext                   text         000000
__Htext0                  text0        000000
__Htext1                  text1        000000
__Htext2                  text2        000000
__Htext3                  text3        000000
__Htext4                  text4        000000
__Htext5                  text5        000000
__Htext6                  text6        000000
__Htext7                  text7        000000
__LRAM                    (abs)        000001
__Labs1                   abs1         000000
__Lbank0                  bank0        000000
__Lbank1                  bank1        000000
__Lbank2                  bank2        000000
__Lbank3                  bank3        000000
__Lbank4                  bank4        000000
__Lbank5                  bank5        000000
__Lbigbss                 bigbss       000000
__Lbigdata                bigdata      000000
__Lbigram                 bigram       000000
__Lbigsfr                 bigsfr       000000
__Lbss                    bss          000000
__LbssBANK0               bssBANK0     000000
__Lcinit                  cinit        000000
__Lclrtext                clrtext      000000
__Lcomram                 comram       000000
__Lconfig                 config       000000
__Lconst                  const        000000
__LcstackCOMRAM           cstackCOMRAM 000000
__Ldata                   data         000000
__Leeprom_data            eeprom_data  000000
__Lfarbss                 farbss       000000
__Lfardata                fardata      000000
__Lheap                   heap         000000
__Libigdata               ibigdata     000000
__Lidata                  idata        000000
__Lidloc                  idloc        000000
__Lifardata               ifardata     000000
__Linit                   init         000000
__Lintcode                intcode      000000
__Lintcode_body           intcode_body 000000
__Lintcodelo              intcodelo    000000
__Lintentry               intentry     000000
__Lintret                 intret       000000
__Lintsave_regs           intsave_regs 000000
__Lirdata                 irdata       000000
__Lmediumconst            mediumconst  000000
__LnvFARRAM               nvFARRAM     000000
__Lnvbit                  nvbit        000000
__Lnvrram                 nvrram       000000
__Lparam                  rparam       000000
__Lpowerup                powerup      000000
__Lram                    ram          000000
__Lramtop                 ramtop       000600
__Lrbit                   rbit         000000
__Lrbss                   rbss         000000
__Lrdata                  rdata        000000
__Lreset_vec              reset_vec    000000
__Lrparam                 rparam       000000
__Lsfr                    sfr          000000
__Lsmallconst             smallconst   000000
__Lspace_0                (abs)        000000
__Lspace_1                (abs)        000000
__Lspace_2                (abs)        000000
__Lspace_4                (abs)        000000
__Lstack                  stack        000000
__Lstruct                 struct       000000
__Ltemp                   temp         000000
__Ltext                   text         000000
__Ltext0                  text0        000000
__Ltext1                  text1        000000
__Ltext2                  text2        000000
__Ltext3                  text3        000000
__Ltext4                  text4        000000
__Ltext5                  text5        000000
__Ltext6                  text6        000000
__Ltext7                  text7        000000
__S0                      (abs)        008000
__S1                      (abs)        000100
__S4                      (abs)        000000
__S5                      (abs)        000000
___heap_hi                (abs)        000000
___heap_lo                (abs)        000000
___inthi_sp               stack        000000
___intlo_sp               stack        000000
___param_bank             (abs)        000000
___rparam_used            (abs)        000001
___sp                     stack        000000
__accesstop               (abs)        000080
__activetblptr            (abs)        000000
__end_of__initialization  cinit        007F88
__end_of_config_FOSC      text7        007F4E
__end_of_config_IO        text6        007F44
__end_of_config_Interrupt text5        007F58
__end_of_eusart_init      text4        007F6A
__end_of_eusart_read      text3        007F7C
__end_of_eusart_string    text1        008000
__end_of_eusart_write     text2        007FA4
__end_of_main             text0        007FD0
__initialization          cinit        007F7C
__mediumconst             mediumconst  000000
__pbssBANK0               bssBANK0     000080
__pcinit                  cinit        007F7C
__pcstackCOMRAM           cstackCOMRAM 000001
__ptext0                  text0        007FA4
__ptext1                  text1        007FD0
__ptext2                  text2        007F8E
__ptext3                  text3        007F6A
__ptext4                  text4        007F58
__ptext5                  text5        007F4E
__ptext6                  text6        007F3E
__ptext7                  text7        007F44
__ramtop                  ramtop       000600
__smallconst              smallconst   000000
_config_FOSC              text7        007F44
_config_IO                text6        007F3E
_config_Interrupt         text5        007F4E
_data                     bssBANK0     000080
_eusart_init              text4        007F58
_eusart_read              text3        007F6A
_eusart_string            text1        007FD0
_eusart_write             text2        007F8E
_main                     text0        007FA4
end_of_initialization     cinit        007F88
eusart_string@str         cstackCOMRAM 000002
eusart_write@c            cstackCOMRAM 000001
intlevel0                 text         000000
intlevel1                 text         000000
intlevel2                 text         000000
intlevel3                 text         000000
isa$std                   (abs)        000001
isa$xinst                 (abs)        000000
stackhi                   (abs)        000000
stacklo                   (abs)        000000
start                     init         000000
start_initialization      cinit        007F7C


MODULE INFORMATION

Module		Function		Class		Link	Load	Size
eusart.c
		_eusart_read   		CODE           	7F6A	0000	18
		_eusart_init   		CODE           	7F58	0000	18
		_eusart_write  		CODE           	7F8E	0000	22
		_eusart_string 		CODE           	7FD0	0000	48

eusart.c estimated size: 106

Program_main.c
		_config_Interrupt		CODE           	7F4E	0000	10
		_main          		CODE           	7FA4	0000	44
		_config_IO     		CODE           	7F3E	0000	6
		_config_FOSC   		CODE           	7F44	0000	10

Program_main.c estimated size: 70

shared
		__initialization		CODE           	7F7C	0000	12

shared estimated size: 12

