Microchip MPLAB XC8 Compiler V2.40

Linker command line:

-W-3 \
  --edf=C:/Users/profb/.mchp_packs/Microchip/PIC18Fxxxx_DFP/1.4.151/xc8\pic\dat\20230323171731_en.msgs \
  -cn -h+dist/default/production\SERIAL_Char_LED_Interrupt.X.production.sym \
  --cmf=dist/default/production\SERIAL_Char_LED_Interrupt.X.production.cmf \
  -z -Q18F4520 -oC:\Users\profb\AppData\Local\Temp\xcAsu78.4 \
  --defsym=__MPLAB_BUILD=1 --fixupoverflow=error \
  -Mdist/default/production/SERIAL_Char_LED_Interrupt.X.production.map \
  --md=C:\Users\profb\AppData\Local\Temp\xcAsu78.dat -E1 -ver=XC8 Compiler \
  --acfsm=1493 -ACODE=00h-07FFFh -ACONST=00h-07FFFh \
  -ASMALLCONST=0600h-06FFhx122 -AMEDIUMCONST=0600h-07FFFh -ACOMRAM=01h-07Fh \
  -AABS1=00h-05FFh -ABIGRAM=01h-05FFh -ARAM=080h-0FFh,0100h-01FFhx5 \
  -ABANK0=080h-0FFh -ABANK1=0100h-01FFh -ABANK2=0200h-02FFh \
  -ABANK3=0300h-03FFh -ABANK4=0400h-04FFh -ABANK5=0500h-05FFh \
  -ASFR=0F80h-0FFFh -ABIGSFR=0F80h-0FFFh -ACONFIG=0300000h-030000Dh \
  -AIDLOC=0200000h-0200007h -AEEDATA=0F00000h-0F000FFh -peeprom_data=EEDATA \
  -preset_vec=00h,intcode=08h,intcodelo,powerup,init -pramtop=0600h \
  -psmallconst=SMALLCONST -pmediumconst=MEDIUMCONST -pconst=CONST \
  -AFARRAM=00h-00h \
  -prdata=COMRAM,nvrram=COMRAM,nvbit=COMRAM,rbss=COMRAM,rbit=COMRAM \
  -pfarbss=FARRAM,fardata=FARRAM,nvFARRAM=FARRAM \
  -pintsave_regs=BIGRAM,bigbss=BIGRAM,bigdata=BIGRAM -pbss=RAM \
  -pidata=CODE,irdata=CODE,ibigdata=CODE,ifardata=CODE -prparam=COMRAM \
  C:\Users\profb\AppData\Local\Temp\xcAsu78.o \
  dist/default/production\SERIAL_Char_LED_Interrupt.X.production.o 

Object code version is 3.11

Machine type is 18F4520



                Name                               Link     Load   Length Selector   Space Scale
C:\Users\profb\AppData\Local\Temp\xcAsu78.o
                idloc                            200000   200000        8        0       5
                config                           300000   300000        E        0       4
                init                                  E        E        4        4       0
                reset_vec                             0        0        4        0       0
dist/default/production\SERIAL_Char_LED_Interrupt.X.production.o
                intcode                               8        8        6        4       0
                idloc                            200000   200000        8        0       5
                config                           300000   300000        E        0       4
                temp                                 18       18        1        1       1
                text8                               128      128       12        4       0
                text7                               100      100       16        4       0
                text6                                B6       B6       30        4       0
                intcode_body                         7E       7E       38        4       0
                text4                               150      150        A        4       0
                text3                               13A      13A        C        4       0
                text2                               146      146        A        4       0
                text1                               116      116       12        4       0
                text0                                12       12       6C        4       0
                cstackCOMRAM                         11       11        7        1       1
                bssCOMRAM                             1        1       10        1       1
                cinit                                E6       E6       1A        4       0

TOTAL           Name                               Link     Load   Length     Space
        CLASS   CODE           
                intcode                               8        8        6         0
                init                                  E        E        4         0
                reset_vec                             0        0        4         0
                text8                               128      128       12         0
                text7                               100      100       16         0
                text6                                B6       B6       30         0
                intcode_body                         7E       7E       38         0
                text4                               150      150        A         0
                text3                               13A      13A        C         0
                text2                               146      146        A         0
                text1                               116      116       12         0
                text0                                12       12       6C         0
                cinit                                E6       E6       1A         0

        CLASS   CONST          

        CLASS   SMALLCONST     

        CLASS   MEDIUMCONST    

        CLASS   COMRAM         
                temp                                 18       18        1         1
                cstackCOMRAM                         11       11        7         1
                bssCOMRAM                             1        1       10         1

        CLASS   ABS1           

        CLASS   BIGRAM         

        CLASS   RAM            

        CLASS   BANK0          

        CLASS   BANK1          

        CLASS   BANK2          

        CLASS   BANK3          

        CLASS   BANK4          

        CLASS   BANK5          

        CLASS   SFR            

        CLASS   BIGSFR         

        CLASS   CONFIG         
                config                           300000   300000        E         4

        CLASS   IDLOC          
                idloc                            200000   200000        8         5

        CLASS   EEDATA         

        CLASS   FARRAM         

        CLASS   HEAP           

        CLASS   STACK          



SEGMENTS        Name                           Load    Length   Top    Selector   Space  Class

                reset_vec                      000000  000004  000004         0       0  CODE    
                bssCOMRAM                      000001  000018  000019         1       1  COMRAM  
                intcode                        000008  000152  00015A         4       0  CODE    


UNUSED ADDRESS RANGES

        Name                Unused          Largest block    Delta
        BANK0            000080-0000FF               80
        BANK1            000100-0001FF              100
        BANK2            000200-0002FF              100
        BANK3            000300-0003FF              100
        BANK4            000400-0004FF              100
        BANK5            000500-0005FF              100
        BIGRAM           000019-0005FF              5E7
        BIGSFR           000F80-000FFF               80
        CODE             000004-000007                4
                         00015A-007FFF             7EA6
        COMRAM           000019-00007F               67
        CONST            000004-000007                4
                         00015A-007FFF             7EA6
        EEDATA           F00000-F000FF              100
        MEDIUMCONST      000600-007FFF             7A00
        RAM              000080-0005FF              100
        SFR              000F80-000FFF               80
        SMALLCONST       000600-007FFF              100

                                  Symbol Table

_ADCON1                   (abs)        000FC1
_BAUDCTLbits              (abs)        000FB8
_INTCON                   (abs)        000FF2
_OSCCON                   (abs)        000FD3
_OSCTUNE                  (abs)        000F9B
_PIE1                     (abs)        000F9D
_PIR1bits                 (abs)        000F9E
_PORTD                    (abs)        000F83
_RCIF                     (abs)        007CF5
_RCREG                    (abs)        000FAE
_RCSTAbits                (abs)        000FAB
_SPBRG                    (abs)        000FAF
_TRISD                    (abs)        000F95
_TRMT                     (abs)        007D61
_TXREG                    (abs)        000FAD
_TXSTAbits                (abs)        000FAC
__HRAM                    (abs)        000000
__Habs1                   abs1         000000
__Hbank0                  bank0        000000
__Hbank1                  bank1        000000
__Hbank2                  bank2        000000
__Hbank3                  bank3        000000
__Hbank4                  bank4        000000
__Hbank5                  bank5        000000
__Hbigbss                 bigbss       000000
__Hbigdata                bigdata      000000
__Hbigram                 bigram       000000
__Hbigsfr                 bigsfr       000000
__Hbss                    bss          000000
__HbssCOMRAM              bssCOMRAM    000000
__Hcinit                  cinit        000000
__Hclrtext                clrtext      000000
__Hcomram                 comram       000000
__Hconfig                 config       30000E
__Hconst                  const        000000
__HcstackCOMRAM           cstackCOMRAM 000000
__Hdata                   data         000000
__Heeprom_data            eeprom_data  000000
__Hfarbss                 farbss       000000
__Hfardata                fardata      000000
__Hheap                   heap         000000
__Hibigdata               ibigdata     000000
__Hidata                  idata        000000
__Hidloc                  idloc        200008
__Hifardata               ifardata     000000
__Hinit                   init         000012
__Hintcode                intcode      00000E
__Hintcode_body           intcode_body 000000
__Hintcodelo              intcodelo    00000E
__Hintentry               intentry     000000
__Hintret                 intret       000000
__Hintsave_regs           intsave_regs 000000
__Hirdata                 irdata       000000
__Hmediumconst            mediumconst  000000
__HnvFARRAM               nvFARRAM     000000
__Hnvbit                  nvbit        000000
__Hnvrram                 nvrram       000000
__Hparam                  rparam       000000
__Hpowerup                powerup      00000E
__Hram                    ram          000000
__Hramtop                 ramtop       000600
__Hrbit                   rbit         000000
__Hrbss                   rbss         000000
__Hrdata                  rdata        000000
__Hreset_vec              reset_vec    000004
__Hrparam                 rparam       000000
__Hsfr                    sfr          000000
__Hsmallconst             smallconst   000000
__Hspace_0                (abs)        000600
__Hspace_1                (abs)        000019
__Hspace_2                (abs)        000000
__Hspace_4                (abs)        60000E
__Hstack                  stack        000000
__Hstruct                 struct       000000
__Htemp                   temp         000019
__Htext                   text         000000
__Htext0                  text0        000000
__Htext1                  text1        000000
__Htext2                  text2        000000
__Htext3                  text3        000000
__Htext4                  text4        000000
__Htext6                  text6        000000
__Htext7                  text7        000000
__Htext8                  text8        000000
__LRAM                    (abs)        000001
__Labs1                   abs1         000000
__Lbank0                  bank0        000000
__Lbank1                  bank1        000000
__Lbank2                  bank2        000000
__Lbank3                  bank3        000000
__Lbank4                  bank4        000000
__Lbank5                  bank5        000000
__Lbigbss                 bigbss       000000
__Lbigdata                bigdata      000000
__Lbigram                 bigram       000000
__Lbigsfr                 bigsfr       000000
__Lbss                    bss          000000
__LbssCOMRAM              bssCOMRAM    000000
__Lcinit                  cinit        000000
__Lclrtext                clrtext      000000
__Lcomram                 comram       000000
__Lconfig                 config       000000
__Lconst                  const        000000
__LcstackCOMRAM           cstackCOMRAM 000000
__Ldata                   data         000000
__Leeprom_data            eeprom_data  000000
__Lfarbss                 farbss       000000
__Lfardata                fardata      000000
__Lheap                   heap         000000
__Libigdata               ibigdata     000000
__Lidata                  idata        000000
__Lidloc                  idloc        000000
__Lifardata               ifardata     000000
__Linit                   init         00000E
__Lintcode                intcode      000008
__Lintcode_body           intcode_body 000000
__Lintcodelo              intcodelo    00000E
__Lintentry               intentry     000000
__Lintret                 intret       000000
__Lintsave_regs           intsave_regs 000000
__Lirdata                 irdata       000000
__Lmediumconst            mediumconst  000000
__LnvFARRAM               nvFARRAM     000000
__Lnvbit                  nvbit        000000
__Lnvrram                 nvrram       000000
__Lparam                  rparam       000000
__Lpowerup                powerup      00000E
__Lram                    ram          000000
__Lramtop                 ramtop       000600
__Lrbit                   rbit         000000
__Lrbss                   rbss         000000
__Lrdata                  rdata        000000
__Lreset_vec              reset_vec    000000
__Lrparam                 rparam       000000
__Lsfr                    sfr          000000
__Lsmallconst             smallconst   000000
__Lspace_0                (abs)        000000
__Lspace_1                (abs)        000000
__Lspace_2                (abs)        000000
__Lspace_4                (abs)        000000
__Lstack                  stack        000000
__Lstruct                 struct       000000
__Ltemp                   temp         000018
__Ltext                   text         000000
__Ltext0                  text0        000000
__Ltext1                  text1        000000
__Ltext2                  text2        000000
__Ltext3                  text3        000000
__Ltext4                  text4        000000
__Ltext6                  text6        000000
__Ltext7                  text7        000000
__Ltext8                  text8        000000
__S0                      (abs)        00015A
__S1                      (abs)        000019
__S4                      (abs)        000000
__S5                      (abs)        000000
___heap_hi                (abs)        000000
___heap_lo                (abs)        000000
___inthi_sp               stack        000000
___intlo_sp               stack        000000
___param_bank             (abs)        000000
___rparam_used            (abs)        000001
___sp                     stack        000000
__accesstop               (abs)        000080
__activetblptr            (abs)        000002
__end_of__initialization  cinit        0000F2
__end_of_config_FOSC      text4        00015A
__end_of_config_IO        text3        000146
__end_of_config_Interrupt text2        000150
__end_of_eusart_init      text1        000128
__end_of_eusart_read      text8        00013A
__end_of_eusart_string    text6        0000E6
__end_of_eusart_write     text7        000116
__end_of_half_Duplex      intcode_body 0000B6
__end_of_main             text0        00007E
__initialization          cinit        0000E6
__mediumconst             mediumconst  000000
__pbssCOMRAM              bssCOMRAM    000001
__pcinit                  cinit        0000E6
__pcstackCOMRAM           cstackCOMRAM 000011
__pintcode                intcode      000008
__pintcode_body           intcode_body 00007E
__ptext0                  text0        000012
__ptext1                  text1        000116
__ptext2                  text2        000146
__ptext3                  text3        00013A
__ptext4                  text4        000150
__ptext6                  text6        0000B6
__ptext7                  text7        000100
__ptext8                  text8        000128
__ramtop                  ramtop       000600
__smallconst              smallconst   000000
_config_FOSC              text4        000150
_config_IO                text3        00013A
_config_Interrupt         text2        000146
_data                     bssCOMRAM    000001
_eusart_init              text1        000116
_eusart_read              text8        000128
_eusart_string            text6        0000B6
_eusart_write             text7        000100
_half_Duplex              intcode      000008
_main                     text0        000012
btemp                     temp         000018
end_of_initialization     cinit        0000F2
eusart_string@str         cstackCOMRAM 000012
eusart_write@c            cstackCOMRAM 000011
int$flags                 temp         000018
int_func                  intcode_body 00007E
intlevel0                 text         000000
intlevel1                 text         000000
intlevel2                 text         000000
intlevel3                 text         000000
isa$std                   (abs)        000001
isa$xinst                 (abs)        000000
stackhi                   (abs)        000000
stacklo                   (abs)        000000
start                     init         00000E
start_initialization      cinit        0000E6
ttemp5                    temp         000019
ttemp6                    temp         00001C
ttemp7                    temp         000020
wtemp8                    temp         000019


MODULE INFORMATION

Module		Function		Class		Link	Load	Size
../SERIAL_Char_LED.X/Program_main.c
		_config_Interrupt		CODE           	0146	0000	10
		_main          		CODE           	0012	0000	108
		_config_IO     		CODE           	013A	0000	12
		_config_FOSC   		CODE           	0150	0000	10
		_half_Duplex   		CODE           	0008	0000	62

../SERIAL_Char_LED.X/Program_main.c estimated size: 202

../SERIAL_Char_LED.X/eusart.c
		_eusart_read   		CODE           	0128	0000	18
		_eusart_init   		CODE           	0116	0000	18
		_eusart_write  		CODE           	0100	0000	22
		_eusart_string 		CODE           	00B6	0000	48

../SERIAL_Char_LED.X/eusart.c estimated size: 106

shared
		__initialization		CODE           	00E6	0000	12

shared estimated size: 12

